exports[`default view`] = `
<div>
  <p>
    [Login goes here]
  </p>
</div>
`;
