exports[`default view`] = `
<div
  className="body-3131413633">
  <div />
</div>
`;
